// Vitest Snapshot v1, https://vitest.dev/guide/snapshot.html

exports[`tui main menu integration > renders all six menu rows 1`] = `
"██████  ██   ██ ███    ██ ██████   ██████  ██     ██ ███    ██
██   ██ ██   ██ ████   ██ ██   ██ ██    ██ ██     ██ ████   ██
██████  ██   ██ ██ ██  ██ ██   ██ ██    ██ ██  █  ██ ██ ██  ██
██   ██ ██   ██ ██  ██ ██ ██   ██ ██    ██ ██ ███ ██ ██  ██ ██
██   ██  █████  ██   ████ ██████   ██████   ███ ███  ██   ████


Status:  READY 
==========================================================================

Main Menu: Choose where to go.
Enter to open, Up/Down or j/k to move, 1-9 to jump.

> 1. Continue                                                                                                    ...
  2. New Work                                                                                                    ...
  3. Workers                                                                            ...   (H: health · T: tools)
  4. Profiles                                                                 ...   (↵: inspect · e: edit · u: scan)
  5. Settings                                                                                                    ...
  6. Help                                                                                                        ...

Press ?/h for help, Esc/Backspace to go back, q or Ctrl+C to quit."
`;
