// Vitest Snapshot v1, https://vitest.dev/guide/snapshot.html

exports[`tui workers integration > renders pool, per-command overrides, routing summary, and health states 1`] = `
"██████  ██   ██ ███    ██ ██████   ██████  ██     ██ ███    ██
██   ██ ██   ██ ████   ██ ██   ██ ██    ██ ██     ██ ████   ██
██████  ██   ██ ██ ██  ██ ██   ██ ██    ██ ██  █  ██ ██ ██  ██
██   ██ ██   ██ ██  ██ ██ ██   ██ ██    ██ ██ ███ ██ ██  ██ ██
██   ██  █████  ██   ████ ██████   ██████   ███ ███  ██   ████


Status:  READY 
==========================================================================

Workers
C:\\Work\\md-todo\\.rundown\\config.json

Pool
  default           opencode run --model gpt-5  ✓ ready
  tui               opencode run --model gpt-5-mini  ⚠ cooling until 07:30:00 (usage_limit)
  fallbacks         1. opencode run --model gpt-4.1-mini  ✗ unavailable
  workerTimeoutMs   45000

Per-command overrides (commands.<name>)
  run               opencode run --model gpt-5  ✓ ready
  verify            opencode run --model gpt-4.1-mini  ✗ unavailable
  tools.post-on-giteaopencode run --model gpt-5.3-mini --no-approval  ✓ ready

Phase routing (run.workerRouting) - summary
  execute           ✓ inherits
  verify            ✓ inherits
  repair            ⚙ overridden · 2 attempt rules
  resolve           ✓ inherits
  resolveRepair     ⚙ overridden · 1 attempt rule
  reset             ✓ not configured (semantic reset disabled)

[e] edit config   [H] health   [T] tools   [r] reload
[Esc] Back to menu

Press ?/h for help, Esc/Backspace to go back, q or Ctrl+C to quit."
`;
